../Core/Src/main.c:108:6:StartDefaultTask	24	static
../Core/Src/main.c:156:6:Start_SDcard_Task	24	static
../Core/Src/main.c:243:6:Start_Teach_Motor	40	static
../Core/Src/main.c:295:6:Call_Run	48	static
../Core/Src/main.c:405:5:main	8	static
../Core/Src/main.c:494:6:SystemClock_Config	312	static
../Core/Src/main.c:555:6:TIM16_IRQHandler	8	static
../Core/Src/main.c:719:6:TIM8_TRG_COM_TIM14_IRQHandler	8	static
../Core/Src/main.c:739:6:HAL_TIM_PeriodElapsedCallback	16	static
../Core/Src/main.c:756:6:Error_Handler	4	static
