../Core/Src/stm32h7xx_it.c:71:6:SDTimer_Handler	4	static
../Core/Src/stm32h7xx_it.c:87:6:NMI_Handler	4	static
../Core/Src/stm32h7xx_it.c:100:6:HardFault_Handler	4	static
../Core/Src/stm32h7xx_it.c:115:6:MemManage_Handler	4	static
../Core/Src/stm32h7xx_it.c:130:6:BusFault_Handler	4	static
../Core/Src/stm32h7xx_it.c:145:6:UsageFault_Handler	4	static
../Core/Src/stm32h7xx_it.c:160:6:DebugMon_Handler	4	static
../Core/Src/stm32h7xx_it.c:185:6:USART3_IRQHandler	8	static
../Core/Src/stm32h7xx_it.c:218:6:TIM17_IRQHandler	8	static
